[debug] [2026-08-14T15:16:03.551Z] ----------------------------------------------------------------------
[debug] [2026-08-14T15:16:03.554Z] Command:       C:\Program Files\nodejs\node.exe C:\Users\MSI\AppData\Roaming\npm\node_modules\firebase-tools\lib\bin\firebase.js init functions
[debug] [2026-08-14T15:16:03.554Z] CLI Version:   15.27.0
[debug] [2026-08-14T15:16:03.554Z] Platform:      win32
[debug] [2026-08-14T15:16:03.554Z] Node Version:  v22.23.2
[debug] [2026-08-14T15:16:03.555Z] Detected Agent: unknown
[debug] [2026-08-14T15:16:03.555Z] Time:          Fri Aug 14 2026 22:16:03 GMT+0700 (Western Indonesia Time)
[debug] [2026-08-14T15:16:03.555Z] ----------------------------------------------------------------------
[debug] 
[info] 
     ######## #### ########  ######## ########     ###     ######  ########
     ##        ##  ##     ## ##       ##     ##  ##   ##  ##       ##
     ######    ##  ########  ######   ########  #########  ######  ######
     ##        ##  ##    ##  ##       ##     ## ##     ##       ## ##
     ##       #### ##     ## ######## ########  ##     ##  ######  ########

You're about to initialize a Firebase project in this directory:

  C:\utama\project\lomba\nutriOSandro

Before we get started, keep in mind:

  * You are currently outside your home directory

[info] 
=== Project Setup
[info] 
[info] First, let's associate this project directory with a Firebase project.
[info] You can create multiple project aliases by running firebase use --add, 
[info] 
[debug] [2026-08-14T15:22:41.004Z] > command requires scopes: ["email","openid","https://www.googleapis.com/auth/cloudplatformprojects.readonly","https://www.googleapis.com/auth/firebase","https://www.googleapis.com/auth/cloud-platform"]
[debug] [2026-08-14T15:22:41.004Z] > authorizing via signed-in user (fahimfahim0407@gmail.com)
[debug] [2026-08-14T15:22:41.016Z] Checked if tokens are valid: true, expires at: 1786724161187
[debug] [2026-08-14T15:22:41.017Z] Checked if tokens are valid: true, expires at: 1786724161187
[debug] [2026-08-14T15:22:41.018Z] >>> [apiv2][query] GET https://firebase.googleapis.com/v1beta1/projects pageSize=100
[debug] [2026-08-14T15:22:41.677Z] <<< [apiv2][status] GET https://firebase.googleapis.com/v1beta1/projects 200
[debug] [2026-08-14T15:22:41.677Z] <<< [apiv2][body] GET https://firebase.googleapis.com/v1beta1/projects [omitted]
[info] 
=== Functions Setup
[debug] [2026-08-14T15:22:47.536Z] > command requires scopes: ["email","openid","https://www.googleapis.com/auth/cloudplatformprojects.readonly","https://www.googleapis.com/auth/firebase","https://www.googleapis.com/auth/cloud-platform"]
[debug] [2026-08-14T15:22:47.537Z] > authorizing via signed-in user (fahimfahim0407@gmail.com)
[debug] [2026-08-14T15:22:47.537Z] [iam] checking project nutrios-1a1fc for permissions ["firebase.projects.get"]
[debug] [2026-08-14T15:22:47.538Z] Checked if tokens are valid: true, expires at: 1786724161187
[debug] [2026-08-14T15:22:47.538Z] Checked if tokens are valid: true, expires at: 1786724161187
[debug] [2026-08-14T15:22:47.538Z] >>> [apiv2][query] POST https://cloudresourcemanager.googleapis.com/v1/projects/nutrios-1a1fc:testIamPermissions [none]
[debug] [2026-08-14T15:22:47.538Z] >>> [apiv2][(partial)header] POST https://cloudresourcemanager.googleapis.com/v1/projects/nutrios-1a1fc:testIamPermissions  x-goog-user-project=nutrios-1a1fc
[debug] [2026-08-14T15:22:47.538Z] >>> [apiv2][body] POST https://cloudresourcemanager.googleapis.com/v1/projects/nutrios-1a1fc:testIamPermissions {"permissions":["firebase.projects.get"]}
[debug] [2026-08-14T15:22:47.936Z] <<< [apiv2][status] POST https://cloudresourcemanager.googleapis.com/v1/projects/nutrios-1a1fc:testIamPermissions 200
[debug] [2026-08-14T15:22:47.936Z] <<< [apiv2][body] POST https://cloudresourcemanager.googleapis.com/v1/projects/nutrios-1a1fc:testIamPermissions {"permissions":["firebase.projects.get"]}
[debug] [2026-08-14T15:22:47.938Z] Checked if tokens are valid: true, expires at: 1786724161187
[debug] [2026-08-14T15:22:47.938Z] Checked if tokens are valid: true, expires at: 1786724161187
[debug] [2026-08-14T15:22:47.940Z] Checked if tokens are valid: true, expires at: 1786724161187
[debug] [2026-08-14T15:22:47.940Z] Checked if tokens are valid: true, expires at: 1786724161187
[debug] [2026-08-14T15:22:47.940Z] >>> [apiv2][query] GET https://serviceusage.googleapis.com/v1/projects/nutrios-1a1fc/services/cloudfunctions.googleapis.com [none]
[debug] [2026-08-14T15:22:47.940Z] >>> [apiv2][(partial)header] GET https://serviceusage.googleapis.com/v1/projects/nutrios-1a1fc/services/cloudfunctions.googleapis.com  x-goog-user-project=nutrios-1a1fc
[debug] [2026-08-14T15:22:47.942Z] >>> [apiv2][query] GET https://serviceusage.googleapis.com/v1/projects/nutrios-1a1fc/services/runtimeconfig.googleapis.com [none]
[debug] [2026-08-14T15:22:47.942Z] >>> [apiv2][(partial)header] GET https://serviceusage.googleapis.com/v1/projects/nutrios-1a1fc/services/runtimeconfig.googleapis.com  x-goog-user-project=nutrios-1a1fc
[debug] [2026-08-14T15:22:49.452Z] <<< [apiv2][status] GET https://serviceusage.googleapis.com/v1/projects/nutrios-1a1fc/services/cloudfunctions.googleapis.com 200
[debug] [2026-08-14T15:22:49.453Z] <<< [apiv2][body] GET https://serviceusage.googleapis.com/v1/projects/nutrios-1a1fc/services/cloudfunctions.googleapis.com [omitted]
[debug] [2026-08-14T15:22:49.453Z] Checked if tokens are valid: true, expires at: 1786724161187
[debug] [2026-08-14T15:22:49.453Z] Checked if tokens are valid: true, expires at: 1786724161187
[debug] [2026-08-14T15:22:49.453Z] >>> [apiv2][query] POST https://serviceusage.googleapis.com/v1/projects/nutrios-1a1fc/services/cloudfunctions.googleapis.com:enable [none]
[debug] [2026-08-14T15:22:49.453Z] >>> [apiv2][(partial)header] POST https://serviceusage.googleapis.com/v1/projects/nutrios-1a1fc/services/cloudfunctions.googleapis.com:enable  x-goog-user-project=nutrios-1a1fc
[debug] [2026-08-14T15:22:49.456Z] <<< [apiv2][status] GET https://serviceusage.googleapis.com/v1/projects/nutrios-1a1fc/services/runtimeconfig.googleapis.com 200
[debug] [2026-08-14T15:22:49.456Z] <<< [apiv2][body] GET https://serviceusage.googleapis.com/v1/projects/nutrios-1a1fc/services/runtimeconfig.googleapis.com [omitted]
[debug] [2026-08-14T15:22:50.067Z] <<< [apiv2][status] POST https://serviceusage.googleapis.com/v1/projects/nutrios-1a1fc/services/cloudfunctions.googleapis.com:enable 200
[debug] [2026-08-14T15:22:50.067Z] <<< [apiv2][body] POST https://serviceusage.googleapis.com/v1/projects/nutrios-1a1fc/services/cloudfunctions.googleapis.com:enable [omitted]
[info] Let's create a new codebase for your functions.
[info] A directory corresponding to the codebase will be created in your project
[info] with sample code pre-configured.

[info] See https://firebase.google.com/docs/functions/organize-functions for
[info] more information on organizing your functions using codebases.

[info] Functions can be deployed with firebase deploy.

